******************************************************************************
                  TI ARM Linker Unix v20.2.3                   
******************************************************************************
>> Linked Mon Dec 21 16:45:23 2020

OUTPUT FILE NAME:   <linefollowing_car.out>
ENTRY POINT SYMBOL: "_c_int00_noargs"  address: 00001e99


MEMORY CONFIGURATION

         name            origin    length      used     unused   attr    fill
----------------------  --------  ---------  --------  --------  ----  --------
  MAIN                  00000000   00040000  0000207a  0003df86  R  X
  INFO                  00200000   00004000  00000000  00004000  R  X
  SRAM_CODE             01000000   00010000  000002dc  0000fd24  RW X
  SRAM_DATA             20000000   00010000  000002dc  0000fd24  RW  


SEGMENT ALLOCATION MAP

run origin  load origin   length   init length attrs members
----------  ----------- ---------- ----------- ----- -------
00000000    00000000    00002080   00002080    r-x
  00000000    00000000    000000e4   000000e4    r-- .intvecs
  000000e4    000000e4    00001e8e   00001e8e    r-x .text
  00001f74    00001f74    000000b0   000000b0    r-- .const
  00002028    00002028    00000058   00000058    r-- .cinit
20000000    20000000    000000dc   00000000    rw-
  20000000    20000000    000000ac   00000000    rw- .data
  200000ac    200000ac    00000030   00000000    rw- .bss
2000fe00    2000fe00    00000200   00000000    rw-
  2000fe00    2000fe00    00000200   00000000    rw- .stack


SECTION ALLOCATION MAP

 output                                  attributes/
section   page    origin      length       input sections
--------  ----  ----------  ----------   ----------------
.intvecs   0    00000000    000000e4     
                  00000000    000000e4     startup_msp432p401r_ccs.obj (.intvecs:retain)

.text      0    000000e4    00001e8e     
                  000000e4    0000108c     main.obj (.text)
                  00001170    00000334     system_msp432p401r.obj (.text)
                  000014a4    000001b6     rtsv7M4_T_le_v4SPD16_eabi.lib : fd_add_t2.asm.obj (.text)
                  0000165a    00000136                                   : fd_div_t2.asm.obj (.text)
                  00001790    00000130     msp432p4xx_driverlib.lib : cs.o (.text:CS_initClockSignal)
                  000018c0    0000011c                              : uart.o (.text:UART_initModule)
                  000019dc    000000fc     rtsv7M4_T_le_v4SPD16_eabi.lib : fd_mul_t2.asm.obj (.text)
                  00001ad8    0000009c                                   : memcpy_t2.asm.obj (.text)
                  00001b74    00000086                                   : fd_cmp_t2.asm.obj (.text:__aeabi_cdcmple)
                  00001bfa    00000086                                   : fd_cmp_t2.asm.obj (.text:__aeabi_cdrcmple)
                  00001c80    00000068                                   : copy_decompress_lzss.c.obj (.text:decompress:lzss:__TI_decompress_lzss)
                  00001ce8    00000064     msp432p4xx_driverlib.lib : uart.o (.text:UART_getEnabledInterruptStatus)
                  00001d4c    00000048                              : flash.o (.text:FlashCtl_setWaitState)
                  00001d94    00000048     rtsv7M4_T_le_v4SPD16_eabi.lib : fd_toi_t2.asm.obj (.text)
                  00001ddc    00000044                                   : autoinit.c.obj (.text:__TI_auto_init_nobinit_nopinit:__TI_auto_init_nobinit_nopinit)
                  00001e20    00000044                                   : fd_tou_t2.asm.obj (.text)
                  00001e64    00000034     msp432p4xx_driverlib.lib : cs.o (.text:CS_setDCOCenteredFrequency)
                  00001e98    00000034     rtsv7M4_T_le_v4SPD16_eabi.lib : boot_cortex_m.c.obj (.text:_c_int00_noargs:_c_int00_noargs)
                  00001ecc    0000002e                                   : i_tofd_t2.asm.obj (.text)
                  00001efa    00000020                                   : u_tofd_t2.asm.obj (.text)
                  00001f1a    0000001c                                   : copy_zero_init.c.obj (.text:decompress:ZI:__TI_zero_init_nomemset:__TI_zero_init_nomemset)
                  00001f36    00000018     msp432p4xx_driverlib.lib : uart.o (.text:UART_getInterruptStatus)
                  00001f4e    0000000e     rtsv7M4_T_le_v4SPD16_eabi.lib : copy_decompress_none.c.obj (.text:decompress:none:__TI_decompress_none)
                  00001f5c    0000000e     startup_msp432p401r_ccs.obj (.text)
                  00001f6a    00000004     rtsv7M4_T_le_v4SPD16_eabi.lib : pre_init.c.obj (.text:_system_pre_init)
                  00001f6e    00000004                                   : exit.c.obj (.text:abort:abort)

.const     0    00001f74    000000b0     
                  00001f74    00000028     main.obj (.const:uartConfig115200)
                  00001f9c    00000018     main.obj (.const:captureConfig_Counter_L)
                  00001fb4    00000018     main.obj (.const:captureConfig_Counter_R)
                  00001fcc    00000018     main.obj (.const:upConfig_PID)
                  00001fe4    00000018     main.obj (.const:upConfig_Sensor)
                  00001ffc    00000018     main.obj (.const:upDownConfig)
                  00002014    00000010     main.obj (.const:continuousModeConfig)

.cinit     0    00002028    00000058     
                  00002028    00000031     (.cinit..data.load) [load image, compression = lzss]
                  00002059    00000003     --HOLE-- [fill = 0]
                  0000205c    0000000c     (__TI_handler_table)
                  00002068    00000008     (.cinit..bss.load) [load image, compression = zero_init]
                  00002070    00000010     (__TI_cinit_table)

.init_array 
*          0    00000000    00000000     UNINITIALIZED

.binit     0    00000000    00000000     

.data      0    20000000    000000ac     UNINITIALIZED
                  20000000    00000088     main.obj (.data)
                  20000088    00000010     main.obj (.data:compareConfig_PWM_L)
                  20000098    00000010     main.obj (.data:compareConfig_PWM_R)
                  200000a8    00000004     system_msp432p401r.obj (.data)

.bss       0    200000ac    00000030     UNINITIALIZED
                  200000ac    00000030     main.obj (.bss)

.stack     0    2000fe00    00000200     UNINITIALIZED
                  2000fe00    00000004     rtsv7M4_T_le_v4SPD16_eabi.lib : boot_cortex_m.c.obj (.stack)
                  2000fe04    000001fc     --HOLE--

__llvm_prf_cnts 
*          0    20000000    00000000     UNINITIALIZED

MODULE SUMMARY

       Module                        code   ro data   rw data
       ------                        ----   -------   -------
    ./
       main.obj                      4236   176       432    
       system_msp432p401r.obj        820    0         8      
       startup_msp432p401r_ccs.obj   14     228       0      
    +--+-----------------------------+------+---------+---------+
       Total:                        5070   404       440    
                                                             
    /home/wuxinyu/ti/ccs1011/ccs/tools/compiler/ti-cgt-arm_20.2.3.LTS/lib/rtsv7M4_T_le_v4SPD16_eabi.lib
       fd_add_t2.asm.obj             438    0         0      
       fd_div_t2.asm.obj             310    0         0      
       fd_cmp_t2.asm.obj             268    0         0      
       fd_mul_t2.asm.obj             252    0         0      
       memcpy_t2.asm.obj             156    0         0      
       copy_decompress_lzss.c.obj    104    0         0      
       fd_toi_t2.asm.obj             72     0         0      
       autoinit.c.obj                68     0         0      
       fd_tou_t2.asm.obj             68     0         0      
       boot_cortex_m.c.obj           52     0         0      
       i_tofd_t2.asm.obj             46     0         0      
       u_tofd_t2.asm.obj             32     0         0      
       copy_zero_init.c.obj          28     0         0      
       copy_decompress_none.c.obj    14     0         0      
       exit.c.obj                    4      0         0      
       pre_init.c.obj                4      0         0      
    +--+-----------------------------+------+---------+---------+
       Total:                        1916   0         0      
                                                             
    /home/wuxinyu/ti/simplelink_msp432p4_sdk_3_40_01_02/source/ti/devices/msp432p4xx/driverlib/ccs/msp432p4xx_driverlib.lib
       uart.o                        408    0         0      
       cs.o                          356    0         0      
       flash.o                       72     0         0      
    +--+-----------------------------+------+---------+---------+
       Total:                        836    0         0      
                                                             
       Stack:                        0      0         1024   
       Linker Generated:             0      85        0      
    +--+-----------------------------+------+---------+---------+
       Grand Total:                  7822   489       1464   


LINKER GENERATED COPY TABLES

__TI_cinit_table @ 00002070 records: 2, size/record: 8, table size: 16
	.data: load addr=00002028, load size=00000031 bytes, run addr=20000000, run size=000000ac bytes, compression=lzss
	.bss: load addr=00002068, load size=00000008 bytes, run addr=200000ac, run size=00000030 bytes, compression=zero_init


LINKER GENERATED HANDLER TABLE

__TI_handler_table @ 0000205c records: 3, size/record: 4, table size: 12
	index: 0, handler: __TI_decompress_lzss
	index: 1, handler: __TI_decompress_none
	index: 2, handler: __TI_zero_init


GLOBAL SYMBOLS: SORTED ALPHABETICALLY BY Name 

address   name                          
-------   ----                          
00001f69  ADC14_IRQHandler              
00001f69  AES256_IRQHandler             
00001f69  BusFault_Handler              
00001f6f  C$$EXIT                       
00001f69  COMP_E0_IRQHandler            
00001f69  COMP_E1_IRQHandler            
00001f69  CS_IRQHandler                 
00001791  CS_initClockSignal            
00001e65  CS_setDCOCenteredFrequency    
00001f69  DMA_ERR_IRQHandler            
00001f69  DMA_INT0_IRQHandler           
00001f69  DMA_INT1_IRQHandler           
00001f69  DMA_INT2_IRQHandler           
00001f69  DMA_INT3_IRQHandler           
00001f69  DebugMon_Handler              
00001f69  Default_Handler               
00000d95  EUSCIA0_IRQHandler            
00000d95  EUSCIA0_IRQHandler            
00001f69  EUSCIA1_IRQHandler            
00000e21  EUSCIA2_IRQHandler            
00000e21  EUSCIA2_IRQHandler            
00000ec9  EUSCIA3_IRQHandler            
00000ec9  EUSCIA3_IRQHandler            
00001f69  EUSCIB0_IRQHandler            
00001f69  EUSCIB1_IRQHandler            
00001f69  EUSCIB2_IRQHandler            
00001f69  EUSCIB3_IRQHandler            
00001f69  FLCTL_IRQHandler              
00001f69  FPU_IRQHandler                
00001d4d  FlashCtl_setWaitState         
00001f69  HardFault_Handler             
00001f69  MemManage_Handler             
00001f69  NMI_Handler                   
00001f69  PCM_IRQHandler                
000004b9  PORT1_IRQHandler              
000004b9  PORT1_IRQHandler              
00001f69  PORT2_IRQHandler              
00001f69  PORT3_IRQHandler              
00001f69  PORT4_IRQHandler              
00001f69  PORT5_IRQHandler              
00001f69  PORT6_IRQHandler              
00001f69  PSS_IRQHandler                
00001f69  PendSV_Handler                
00001f69  RTC_C_IRQHandler              
00001f5d  Reset_Handler                 
00001f69  SVC_Handler                   
00001f69  SysTick_Handler               
200000a8  SystemCoreClock               
00001171  SystemCoreClockUpdate         
000013e9  SystemInit                    
00001f69  T32_INT1_IRQHandler           
00001f69  T32_INT2_IRQHandler           
00001f69  T32_INTC_IRQHandler           
00001f69  TA0_0_IRQHandler              
00001f69  TA0_N_IRQHandler              
00000549  TA1_0_IRQHandler              
00000549  TA1_0_IRQHandler              
00001f69  TA1_N_IRQHandler              
000009e1  TA2_0_IRQHandler              
000009e1  TA2_0_IRQHandler              
00001f69  TA2_N_IRQHandler              
00000cf1  TA3_0_IRQHandler              
00000cf1  TA3_0_IRQHandler              
00000d49  TA3_N_IRQHandler              
00000d49  TA3_N_IRQHandler              
00001ce9  UART_getEnabledInterruptStatus
00001f37  UART_getInterruptStatus       
000018c1  UART_initModule               
00001069  UART_transmitFloat            
00001119  UART_transmitStr              
00001009  UART_transmitUInt             
00000f5d  Uint_ASCII                    
00001f69  UsageFault_Handler            
4000480c  WDTCTL_SYM                    
00001f69  WDT_A_IRQHandler              
20010000  __STACK_END                   
00000200  __STACK_SIZE                  
00002070  __TI_CINIT_Base               
00002080  __TI_CINIT_Limit              
0000205c  __TI_Handler_Table_Base       
00002068  __TI_Handler_Table_Limit      
00001ddd  __TI_auto_init_nobinit_nopinit
00001c81  __TI_decompress_lzss          
00001f4f  __TI_decompress_none          
ffffffff  __TI_pprof_out_hndl           
ffffffff  __TI_prof_data_size           
ffffffff  __TI_prof_data_start          
00000000  __TI_static_base__            
00001f1b  __TI_zero_init_nomemset       
00001b75  __aeabi_cdcmpeq               
00001b75  __aeabi_cdcmple               
00001bfb  __aeabi_cdrcmple              
00001d95  __aeabi_d2iz                  
00001e21  __aeabi_d2uiz                 
000014af  __aeabi_dadd                  
0000165b  __aeabi_ddiv                  
000019dd  __aeabi_dmul                  
000014a5  __aeabi_dsub                  
00001ecd  __aeabi_i2d                   
00001ad9  __aeabi_memcpy                
00001ad9  __aeabi_memcpy4               
00001ad9  __aeabi_memcpy8               
00001efb  __aeabi_ui2d                  
ffffffff  __binit__                     
ffffffff  __c_args__                    
UNDEFED   __mpu_init                    
2000fe00  __stack                       
20000000  __start___llvm_prf_cnts       
20000000  __stop___llvm_prf_cnts        
00001e99  _c_int00_noargs               
UNDEFED   _system_post_cinit            
00001f6b  _system_pre_init              
00001f6f  abort                         
ffffffff  binit                         
00001f9c  captureConfig_Counter_L       
00001fb4  captureConfig_Counter_R       
20000088  compareConfig_PWM_L           
20000098  compareConfig_PWM_R           
00002014  continuousModeConfig          
00000000  interruptVectors              
000000e5  main                          
00001ad9  memcpy                        
00001f74  uartConfig115200              
00001fcc  upConfig_PID                  
00001fe4  upConfig_Sensor               
00001ffc  upDownConfig                  


GLOBAL SYMBOLS: SORTED BY Symbol Address 

address   name                          
-------   ----                          
00000000  __TI_static_base__            
00000000  interruptVectors              
000000e5  main                          
00000200  __STACK_SIZE                  
000004b9  PORT1_IRQHandler              
000004b9  PORT1_IRQHandler              
00000549  TA1_0_IRQHandler              
00000549  TA1_0_IRQHandler              
000009e1  TA2_0_IRQHandler              
000009e1  TA2_0_IRQHandler              
00000cf1  TA3_0_IRQHandler              
00000cf1  TA3_0_IRQHandler              
00000d49  TA3_N_IRQHandler              
00000d49  TA3_N_IRQHandler              
00000d95  EUSCIA0_IRQHandler            
00000d95  EUSCIA0_IRQHandler            
00000e21  EUSCIA2_IRQHandler            
00000e21  EUSCIA2_IRQHandler            
00000ec9  EUSCIA3_IRQHandler            
00000ec9  EUSCIA3_IRQHandler            
00000f5d  Uint_ASCII                    
00001009  UART_transmitUInt             
00001069  UART_transmitFloat            
00001119  UART_transmitStr              
00001171  SystemCoreClockUpdate         
000013e9  SystemInit                    
000014a5  __aeabi_dsub                  
000014af  __aeabi_dadd                  
0000165b  __aeabi_ddiv                  
00001791  CS_initClockSignal            
000018c1  UART_initModule               
000019dd  __aeabi_dmul                  
00001ad9  __aeabi_memcpy                
00001ad9  __aeabi_memcpy4               
00001ad9  __aeabi_memcpy8               
00001ad9  memcpy                        
00001b75  __aeabi_cdcmpeq               
00001b75  __aeabi_cdcmple               
00001bfb  __aeabi_cdrcmple              
00001c81  __TI_decompress_lzss          
00001ce9  UART_getEnabledInterruptStatus
00001d4d  FlashCtl_setWaitState         
00001d95  __aeabi_d2iz                  
00001ddd  __TI_auto_init_nobinit_nopinit
00001e21  __aeabi_d2uiz                 
00001e65  CS_setDCOCenteredFrequency    
00001e99  _c_int00_noargs               
00001ecd  __aeabi_i2d                   
00001efb  __aeabi_ui2d                  
00001f1b  __TI_zero_init_nomemset       
00001f37  UART_getInterruptStatus       
00001f4f  __TI_decompress_none          
00001f5d  Reset_Handler                 
00001f69  ADC14_IRQHandler              
00001f69  AES256_IRQHandler             
00001f69  BusFault_Handler              
00001f69  COMP_E0_IRQHandler            
00001f69  COMP_E1_IRQHandler            
00001f69  CS_IRQHandler                 
00001f69  DMA_ERR_IRQHandler            
00001f69  DMA_INT0_IRQHandler           
00001f69  DMA_INT1_IRQHandler           
00001f69  DMA_INT2_IRQHandler           
00001f69  DMA_INT3_IRQHandler           
00001f69  DebugMon_Handler              
00001f69  Default_Handler               
00001f69  EUSCIA1_IRQHandler            
00001f69  EUSCIB0_IRQHandler            
00001f69  EUSCIB1_IRQHandler            
00001f69  EUSCIB2_IRQHandler            
00001f69  EUSCIB3_IRQHandler            
00001f69  FLCTL_IRQHandler              
00001f69  FPU_IRQHandler                
00001f69  HardFault_Handler             
00001f69  MemManage_Handler             
00001f69  NMI_Handler                   
00001f69  PCM_IRQHandler                
00001f69  PORT2_IRQHandler              
00001f69  PORT3_IRQHandler              
00001f69  PORT4_IRQHandler              
00001f69  PORT5_IRQHandler              
00001f69  PORT6_IRQHandler              
00001f69  PSS_IRQHandler                
00001f69  PendSV_Handler                
00001f69  RTC_C_IRQHandler              
00001f69  SVC_Handler                   
00001f69  SysTick_Handler               
00001f69  T32_INT1_IRQHandler           
00001f69  T32_INT2_IRQHandler           
00001f69  T32_INTC_IRQHandler           
00001f69  TA0_0_IRQHandler              
00001f69  TA0_N_IRQHandler              
00001f69  TA1_N_IRQHandler              
00001f69  TA2_N_IRQHandler              
00001f69  UsageFault_Handler            
00001f69  WDT_A_IRQHandler              
00001f6b  _system_pre_init              
00001f6f  C$$EXIT                       
00001f6f  abort                         
00001f74  uartConfig115200              
00001f9c  captureConfig_Counter_L       
00001fb4  captureConfig_Counter_R       
00001fcc  upConfig_PID                  
00001fe4  upConfig_Sensor               
00001ffc  upDownConfig                  
00002014  continuousModeConfig          
0000205c  __TI_Handler_Table_Base       
00002068  __TI_Handler_Table_Limit      
00002070  __TI_CINIT_Base               
00002080  __TI_CINIT_Limit              
20000000  __start___llvm_prf_cnts       
20000000  __stop___llvm_prf_cnts        
20000088  compareConfig_PWM_L           
20000098  compareConfig_PWM_R           
200000a8  SystemCoreClock               
2000fe00  __stack                       
20010000  __STACK_END                   
4000480c  WDTCTL_SYM                    
ffffffff  __TI_pprof_out_hndl           
ffffffff  __TI_prof_data_size           
ffffffff  __TI_prof_data_start          
ffffffff  __binit__                     
ffffffff  __c_args__                    
ffffffff  binit                         
UNDEFED   __mpu_init                    
UNDEFED   _system_post_cinit            

[126 symbols]
